Archive member included to satisfy reference by file (symbol)

../third_party/psyq/lib\libc.a(c42.o)
                              main.o (memcpy)
../third_party/psyq/lib\libc.a(c63.o)
                              main.o (printf)
../third_party/psyq/lib\libetc.a(pad.o)
                              main.o (PadRead)
../third_party/psyq/lib\libetc.a(vmode.o)
                              main.o (GetVideoMode)
../third_party/psyq/lib\libetc.a(vsync.o)
                              main.o (VSync)
../third_party/psyq/lib\libetc.a(intr.o)
                              ../third_party/psyq/lib\libetc.a(pad.o) (ResetCallback)
../third_party/psyq/lib\libetc.a(intr_dma.o)
                              ../third_party/psyq/lib\libetc.a(intr.o) (startIntrDMA)
../third_party/psyq/lib\libetc.a(intr_vb.o)
                              ../third_party/psyq/lib\libetc.a(vsync.o) (Vcount)
../third_party/psyq/lib\libgpu.a(font.o)
                              main.o (FntFlush)
../third_party/psyq/lib\libgpu.a(p00.o)
                              main.o (GetTPage)
../third_party/psyq/lib\libgpu.a(p06.o)
                              ../third_party/psyq/lib\libgpu.a(font.o) (AddPrim)
../third_party/psyq/lib\libgpu.a(p09.o)
                              ../third_party/psyq/lib\libgpu.a(font.o) (TermPrim)
../third_party/psyq/lib\libgpu.a(p10.o)
                              ../third_party/psyq/lib\libgpu.a(font.o) (SetSemiTrans)
../third_party/psyq/lib\libgpu.a(p20.o)
                              ../third_party/psyq/lib\libgpu.a(font.o) (SetSprt8)
../third_party/psyq/lib\libgpu.a(p26.o)
                              ../third_party/psyq/lib\libgpu.a(font.o) (SetTile)
../third_party/psyq/lib\libgpu.a(p27.o)
                              main.o (SetLineF2)
../third_party/psyq/lib\libgpu.a(p41.o)
                              ../third_party/psyq/lib\libgpu.a(font.o) (SetDrawMode)
../third_party/psyq/lib\libgpu.a(sys.o)
                              main.o (ClearImage2)
../third_party/psyq/lib\libgpu.a(e00.o)
                              ../third_party/psyq/lib\libgpu.a(font.o) (LoadTPage)
../third_party/psyq/lib\libgpu.a(e02.o)
                              ../third_party/psyq/lib\libgpu.a(font.o) (LoadClut2)
../third_party/psyq/lib\libgpu.a(p01.o)
                              ../third_party/psyq/lib\libgpu.a(e02.o) (GetClut)
../third_party/psyq/lib\libgs.a(2d_sp0.o)
                              main.o (GsSortSprite)
../third_party/psyq/lib\libgs.a(global.o)
                              ../third_party/psyq/lib\libgs.a(2d_sp0.o) (GsOUT_PACKET_P)
../third_party/psyq/lib\libgs.a(gs_001.o)
                              ../third_party/psyq/lib\libgs.a(2d_sp0.o) (GsORGOFSY)
../third_party/psyq/lib\libgs.a(gs_0021.o)
                              main.o (GsGetActiveBuff)
../third_party/psyq/lib\libgs.a(gs_0022.o)
                              ../third_party/psyq/lib\libgs.a(gs_001.o) (GsSetDrawBuffOffset)
../third_party/psyq/lib\libgs.a(gs_003.o)
                              ../third_party/psyq/lib\libgs.a(gs_001.o) (GsSetDrawBuffClip)
../third_party/psyq/lib\libgs.a(gs_010.o)
                              main.o (GsSwapDispBuff)
../third_party/psyq/lib\libgs.a(gs_103.o)
                              main.o (GsDefDispBuff)
../third_party/psyq/lib\libgs.a(gs_104.o)
                              ../third_party/psyq/lib\libgs.a(gs_001.o) (HWD0)
../third_party/psyq/lib\libgs.a(gs_107.o)
                              ../third_party/psyq/lib\libgs.a(gs_001.o) (GsLIGHTWSMATRIX)
../third_party/psyq/lib\libgs.a(gs_111.o)
                              main.o (GsDrawOt)
../third_party/psyq/lib\libgs.a(gs_113.o)
                              main.o (GsClearOt)
../third_party/psyq/lib\libgs.a(gs_121.o)
                              ../third_party/psyq/lib\libgs.a(gs_001.o) (gte_init)
../third_party/psyq/lib\libgs.a(gs_122.o)
                              main.o (GsGetTimInfo)
../third_party/psyq/lib\libgs.a(gs_124.o)
                              main.o (GsSetWorkBase)
../third_party/psyq/lib\libgs.a(gs_128.o)
                              ../third_party/psyq/lib\libgs.a(2d_sp0.o) (GsIDMATRIX)
../third_party/psyq/lib\libgs.a(2d_com1.o)
                              ../third_party/psyq/lib\libgs.a(2d_sp0.o) (_make_packet)
../third_party/psyq/lib\libgte.a(cmb_00.o)
                              ../third_party/psyq/lib\libgs.a(2d_sp0.o) (RotTransPers4)
../third_party/psyq/lib\libgte.a(fgo_01.o)
                              ../third_party/psyq/lib\libgs.a(2d_sp0.o) (RotMatrix)
../third_party/psyq/lib\libgte.a(msc00.o)
                              ../third_party/psyq/lib\libgs.a(gs_121.o) (InitGeom)
../third_party/psyq/lib\libgte.a(msc01.o)
                              ../third_party/psyq/lib\libgs.a(gs_107.o) (SquareRoot0)
../third_party/psyq/lib\libgte.a(mtx_07.o)
                              ../third_party/psyq/lib\libgs.a(2d_sp0.o) (TransMatrix)
../third_party/psyq/lib\libgte.a(mtx_08.o)
                              ../third_party/psyq/lib\libgs.a(2d_sp0.o) (ScaleMatrix)
../third_party/psyq/lib\libgte.a(mtx_09.o)
                              ../third_party/psyq/lib\libgs.a(2d_sp0.o) (SetRotMatrix)
../third_party/psyq/lib\libgte.a(mtx_11.o)
                              ../third_party/psyq/lib\libgs.a(gs_107.o) (SetColorMatrix)
../third_party/psyq/lib\libgte.a(mtx_12.o)
                              ../third_party/psyq/lib\libgs.a(2d_sp0.o) (SetTransMatrix)
../third_party/psyq/lib\libgte.a(patchgte.o)
                              ../third_party/psyq/lib\libgte.a(msc00.o) (_patch_gte)
../third_party/psyq/lib\libgte.a(reg09.o)
                              ../third_party/psyq/lib\libgs.a(2d_sp0.o) (ReadGeomScreen)
../third_party/psyq/lib\libgte.a(reg11.o)
                              ../third_party/psyq/lib\libgs.a(gs_121.o) (SetFarColor)
../third_party/psyq/lib\libgte.a(reg12.o)
                              ../third_party/psyq/lib\libgs.a(gs_0022.o) (SetGeomOffset)
../third_party/psyq/lib\libgte.a(sqrtbl.o)
                              ../third_party/psyq/lib\libgte.a(msc01.o) (SQRT)
../third_party/psyq/lib\libgte.a(cstbl.o)
                              ../third_party/psyq/lib\libgte.a(fgo_01.o) (rcossin_tbl)
../third_party/psyq/lib\libspu.a(s_i.o)
                              main.o (SpuInit)
../third_party/psyq/lib\libspu.a(s_ini.o)
                              ../third_party/psyq/lib\libspu.a(s_i.o) (_SpuInit)
../third_party/psyq/lib\libspu.a(s_itc.o)
                              main.o (SpuIsTransferCompleted)
../third_party/psyq/lib\libspu.a(s_m.o)
                              ../third_party/psyq/lib\libspu.a(s_ini.o) (_spu_memList)
../third_party/psyq/lib\libspu.a(s_m_f.o)
                              main.o (SpuFree)
../third_party/psyq/lib\libspu.a(s_m_init.o)
                              main.o (SpuInitMalloc)
../third_party/psyq/lib\libspu.a(s_m_int.o)
                              ../third_party/psyq/lib\libspu.a(s_m_f.o) (_spu_gcSPU)
../third_party/psyq/lib\libspu.a(s_m_m.o)
                              main.o (SpuMalloc)
../third_party/psyq/lib\libspu.a(s_rmp0.o)
                              ../third_party/psyq/lib\libspu.a(s_ini.o) (_spu_rev_startaddr)
../third_party/psyq/lib\libspu.a(s_sca.o)
                              main.o (SpuSetCommonAttr)
../third_party/psyq/lib\libspu.a(s_sk.o)
                              main.o (SpuSetKey)
../third_party/psyq/lib\libspu.a(s_stm.o)
                              main.o (SpuSetTransferMode)
../third_party/psyq/lib\libspu.a(s_stsa.o)
                              main.o (SpuSetTransferStartAddr)
../third_party/psyq/lib\libspu.a(s_sva.o)
                              main.o (SpuSetVoiceAttr)
../third_party/psyq/lib\libspu.a(s_w.o)
                              main.o (SpuWrite)
../third_party/psyq/lib\libspu.a(spu.o)
                              ../third_party/psyq/lib\libspu.a(s_stsa.o) (_spu_FsetRXXa)
../third_party/psyq/lib\libspu.a(s_dcb.o)
                              ../third_party/psyq/lib\libspu.a(s_ini.o) (_SpuDataCallback)
../third_party/psyq/lib\libspu.a(s_n2p.o)
                              ../third_party/psyq/lib\libspu.a(s_sva.o) (_spu_note2pitch)
../third_party/psyq/lib\libapi.a(a07.o)
                              ../third_party/psyq/lib\libspu.a(spu.o) (DeliverEvent)
../third_party/psyq/lib\libapi.a(a08.o)
                              ../third_party/psyq/lib\libspu.a(s_ini.o) (OpenEvent)
../third_party/psyq/lib\libapi.a(a11.o)
                              ../third_party/psyq/lib\libspu.a(s_itc.o) (TestEvent)
../third_party/psyq/lib\libapi.a(a12.o)
                              ../third_party/psyq/lib\libspu.a(s_ini.o) (EnableEvent)
../third_party/psyq/lib\libapi.a(a22.o)
                              ../third_party/psyq/lib\libetc.a(pad.o) (PAD_dr)
../third_party/psyq/lib\libapi.a(a23.o)
                              ../third_party/psyq/lib\libetc.a(intr.o) (ReturnFromException)
../third_party/psyq/lib\libapi.a(a24.o)
                              ../third_party/psyq/lib\libetc.a(intr.o) (ResetEntryInt)
../third_party/psyq/lib\libapi.a(a25.o)
                              ../third_party/psyq/lib\libetc.a(intr.o) (HookEntryInt)
../third_party/psyq/lib\libapi.a(a36.o)
                              ../third_party/psyq/lib\libetc.a(intr.o) (EnterCriticalSection)
../third_party/psyq/lib\libapi.a(a37.o)
                              ../third_party/psyq/lib\libetc.a(intr.o) (ExitCriticalSection)
../third_party/psyq/lib\libapi.a(a91.o)
                              ../third_party/psyq/lib\libetc.a(pad.o) (ChangeClearPAD)
../third_party/psyq/lib\libapi.a(c114.o)
                              ../third_party/psyq/lib\libetc.a(intr.o) (_96_remove)
../third_party/psyq/lib\libapi.a(c68.o)
                              ../third_party/psyq/lib\libgte.a(patchgte.o) (FlushCache)
../third_party/psyq/lib\libapi.a(c73.o)
                              ../third_party/psyq/lib\libgpu.a(sys.o) (GPU_cw)
../third_party/psyq/lib\libapi.a(l10.o)
                              ../third_party/psyq/lib\libetc.a(vsync.o) (ChangeClearRCnt)
../third_party/psyq/lib\libapi.a(pad.o)
                              ../third_party/psyq/lib\libetc.a(pad.o) (PAD_init)
../third_party/psyq/lib\libapi.a(patch.o)
                              ../third_party/psyq/lib\libapi.a(pad.o) (_patch_pad)
../third_party/psyq/lib\libapi.a(a18.o)
                              ../third_party/psyq/lib\libapi.a(pad.o) (InitPAD2)
../third_party/psyq/lib\libapi.a(a19.o)
                              ../third_party/psyq/lib\libapi.a(pad.o) (StartPAD2)
../third_party/psyq/lib\libapi.a(a21.o)
                              ../third_party/psyq/lib\libapi.a(pad.o) (PAD_init2)
../third_party/psyq/lib\libapi.a(chclrpad.o)
                              ../third_party/psyq/lib\libapi.a(pad.o) (_remove_ChgclrPAD)
../third_party/psyq/lib\libapi.a(l02.o)
                              ../third_party/psyq/lib\libapi.a(pad.o) (SysEnqIntRP)
../third_party/psyq/lib\libapi.a(l03.o)
                              ../third_party/psyq/lib\libapi.a(pad.o) (SysDeqIntRP)
../third_party/psyq/lib\libc.a(a63.o)
                              ../third_party/psyq/lib\libetc.a(vsync.o) (puts)
../third_party/psyq/lib\libc.a(c19.o)
                              ../third_party/psyq/lib\libetc.a(intr.o) (setjmp)
../third_party/psyq/lib\libc.a(c27.o)
                              ../third_party/psyq/lib\libgpu.a(font.o) (strlen)
../third_party/psyq/lib\libc.a(c43.o)
                              ../third_party/psyq/lib\libgpu.a(font.o) (memset)

Discarded input sections

 .text          0x0000000000000000        0x0 main.o
 .MIPS.abiflags
                0x0000000000000000       0x18 main.o
 .pdr           0x0000000000000000      0x4e0 main.o
 .text.padReset
                0x0000000000000000       0x14 main.o
 .text.audioChannelConfigure
                0x0000000000000000        0x8 main.o
 .text.audioFree
                0x0000000000000000        0x8 main.o
 .text.moveImage
                0x0000000000000000       0x4c main.o
 .text.moveObject
                0x0000000000000000       0x4c main.o
 .text.changeImage
                0x0000000000000000       0x48 main.o
 .text.createColor
                0x0000000000000000       0x14 main.o
 .text.createLine
                0x0000000000000000       0x8c main.o
 .text.createBox
                0x0000000000000000      0x12c main.o
 .text.moveLine
                0x0000000000000000       0x50 main.o
 .text.moveBox  0x0000000000000000      0x19c main.o
 .text.drawLine
                0x0000000000000000       0x30 main.o
 .text.drawBox  0x0000000000000000       0x48 main.o
 .text.initializeDebugFont
                0x0000000000000000       0x44 main.o
 .text          0x0000000000000000        0x0 ../third_party/common/syscalls/printf.o
 .data          0x0000000000000000        0x0 ../third_party/common/syscalls/printf.o
 .bss           0x0000000000000000        0x0 ../third_party/common/syscalls/printf.o
 .reginfo       0x0000000000000000       0x18 ../third_party/common/syscalls/printf.o
 .MIPS.abiflags
                0x0000000000000000       0x18 ../third_party/common/syscalls/printf.o
 .pdr           0x0000000000000000        0x0 ../third_party/common/syscalls/printf.o
 .ramtext       0x0000000000000000        0xc ../third_party/common/syscalls/printf.o
 .debug_line    0x0000000000000000       0x4b ../third_party/common/syscalls/printf.o
 .debug_line_str
                0x0000000000000000       0x4e ../third_party/common/syscalls/printf.o
 .debug_info    0x0000000000000000       0x24 ../third_party/common/syscalls/printf.o
 .debug_abbrev  0x0000000000000000       0x14 ../third_party/common/syscalls/printf.o
 .debug_aranges
                0x0000000000000000       0x20 ../third_party/common/syscalls/printf.o
 .debug_str     0x0000000000000000       0x51 ../third_party/common/syscalls/printf.o
 .gnu.attributes
                0x0000000000000000       0x10 ../third_party/common/syscalls/printf.o
 .text          0x0000000000000000        0x0 ../third_party/common/crt0/crt0.o
 .data          0x0000000000000000        0x0 ../third_party/common/crt0/crt0.o
 .bss           0x0000000000000000        0x0 ../third_party/common/crt0/crt0.o
 .reginfo       0x0000000000000000       0x18 ../third_party/common/crt0/crt0.o
 .MIPS.abiflags
                0x0000000000000000       0x18 ../third_party/common/crt0/crt0.o
 .text          0x0000000000000000       0x20 ../third_party/psyq/lib\libgpu.a(p27.o)
 .data          0x0000000000000000       0x10 ../third_party/psyq/lib\libgs.a(global.o)
 .data          0x0000000000000000       0x10 ../third_party/psyq/lib\libgs.a(gs_001.o)
 .text          0x0000000000000000       0x80 ../third_party/psyq/lib\libgs.a(gs_104.o)
 .text          0x0000000000000000      0x570 ../third_party/psyq/lib\libgs.a(gs_107.o)
 .text          0x0000000000000000       0x90 ../third_party/psyq/lib\libgte.a(msc01.o)
 .text          0x0000000000000000       0x30 ../third_party/psyq/lib\libgte.a(mtx_11.o)
 .data          0x0000000000000000      0x180 ../third_party/psyq/lib\libgte.a(sqrtbl.o)
 .text          0x0000000000000000       0x80 ../third_party/psyq/lib\libspu.a(s_m_f.o)

Memory Configuration

Name             Origin             Length             Attributes
loader           0x000000008000f800 0x0000000000000800
ram              0x0000000080010000 0x00000000001f0000 xrw
dcache           0x000000001f800000 0x0000000000000400
*default*        0x0000000000000000 0xffffffffffffffff

Linker script and memory map

LOAD main.o
LOAD ../third_party/common/syscalls/printf.o
LOAD ../third_party/common/crt0/crt0.o
START GROUP
LOAD ../third_party/psyq/lib\libapi.a
LOAD ../third_party/psyq/lib\libc.a
LOAD ../third_party/psyq/lib\libc2.a
LOAD ../third_party/psyq/lib\libcard.a
LOAD ../third_party/psyq/lib\libcomb.a
LOAD ../third_party/psyq/lib\libds.a
LOAD ../third_party/psyq/lib\libetc.a
LOAD ../third_party/psyq/lib\libgpu.a
LOAD ../third_party/psyq/lib\libgs.a
LOAD ../third_party/psyq/lib\libgte.a
LOAD ../third_party/psyq/lib\libgpu.a
LOAD ../third_party/psyq/lib\libgun.a
LOAD ../third_party/psyq/lib\libhmd.a
LOAD ../third_party/psyq/lib\libmath.a
LOAD ../third_party/psyq/lib\libmcrd.a
LOAD ../third_party/psyq/lib\libmcx.a
LOAD ../third_party/psyq/lib\libpad.a
LOAD ../third_party/psyq/lib\libpress.a
LOAD ../third_party/psyq/lib\libsio.a
LOAD ../third_party/psyq/lib\libsnd.a
LOAD ../third_party/psyq/lib\libspu.a
LOAD ../third_party/psyq/lib\libtap.a
END GROUP
                0x00000000800b3160                __heap_base = __bss_end
                0x0000000080010000                TLOAD_ADDR = DEFINED (TLOAD_ADDR)?TLOAD_ADDR:0x80010000
                0x0000000080200000                __ram_top = (ORIGIN (ram) + LENGTH (ram))
                0x00000000801fff00                __sp = (__ram_top - 0x100)
                0x000000001f800000                __dcache = ORIGIN (dcache)
                0x000000001f800400                __dcache_top = (ORIGIN (dcache) + LENGTH (dcache))
                0x0000000000016960                __bss_len = (__bss_end - __bss_start)
                0x000000000000c310                __ftext_len = (__ftext_end - __ftext_start)
                0x00000000000804f0                __fdata_len = (__fdata_end - __fdata_start)
                0x0000000080200000                __stack_start = (ORIGIN (ram) + LENGTH (ram))

.PSX_EXE_Header
                0x000000008000f800      0x800
                0x000000008000f800        0x1 BYTE 0x50
                0x000000008000f801        0x1 BYTE 0x53
                0x000000008000f802        0x1 BYTE 0x2d
                0x000000008000f803        0x1 BYTE 0x58
                0x000000008000f804        0x1 BYTE 0x20
                0x000000008000f805        0x1 BYTE 0x45
                0x000000008000f806        0x1 BYTE 0x58
                0x000000008000f807        0x1 BYTE 0x45
                0x000000008000f808        0x4 LONG 0x0
                0x000000008000f80c        0x4 LONG 0x0
                0x000000008000f810        0x4 LONG 0x80010000 ABSOLUTE (_start)
                0x000000008000f814        0x4 LONG 0x0
                0x000000008000f818        0x4 LONG 0x80010000 TLOAD_ADDR
                0x000000008000f81c        0x4 LONG 0x8c800 (__ftext_len + __fdata_len)
                0x000000008000f820        0x4 LONG 0x0
                0x000000008000f824        0x4 LONG 0x0
                0x000000008000f828        0x4 LONG 0x0
                0x000000008000f82c        0x4 LONG 0x0
                0x000000008000f830        0x4 LONG 0x801fff00 DEFINED (_sp)?ABSOLUTE (_sp):0x801fff00
                0x000000008000f834        0x4 LONG 0x0
                0x0000000080010000                . = (. + 0x7c8)
 *fill*         0x000000008000f838      0x7c8 
                0x0000000080010000                __ftext_start = ABSOLUTE (.)

.text           0x0000000080010000     0xc310
 *(.start)
 .start         0x0000000080010000       0x64 ../third_party/common/crt0/crt0.o
                0x0000000080010000                _start
 *(.init)
 *(SORT_NONE(.fini))
 *(.text.unlikely .text.*_unlikely .text.unlikely.*)
 *(.text.exit .text.exit.*)
 *(.text.startup .text.startup.*)
 .text.startup.main
                0x0000000080010064       0x40 main.o
                0x0000000080010064                main
 *(.text.hot .text.hot.*)
 *(.text .stub .text.* .gnu.linkonce.t.*)
 .text.initializePad
                0x00000000800100a4        0x8 main.o
                0x00000000800100a4                initializePad
 .text.padUpdate
                0x00000000800100ac       0x38 main.o
                0x00000000800100ac                padUpdate
 .text.audioInit
                0x00000000800100e4       0x44 main.o
                0x00000000800100e4                audioInit
 .text.audioTransferVagToSPU
                0x0000000080010128       0xc8 main.o
                0x0000000080010128                audioTransferVagToSPU
 .text.audioPlay
                0x00000000800101f0        0xc main.o
                0x00000000800101f0                audioPlay
 .text.createImage
                0x00000000800101fc      0x154 main.o
                0x00000000800101fc                createImage
 .text.createCharacter
                0x0000000080010350      0x120 main.o
                0x0000000080010350                createCharacter
 .text.createObject
                0x0000000080010470      0x154 main.o
                0x0000000080010470                createObject
 .text.drawImage
                0x00000000800105c4       0x60 main.o
                0x00000000800105c4                drawImage
 .text.drawObject
                0x0000000080010624       0x60 main.o
                0x0000000080010624                drawObject
 .text.doOverlap
                0x0000000080010684       0x84 main.o
                0x0000000080010684                doOverlap
 .text.setScreenMode
                0x0000000080010708       0xd8 main.o
                0x0000000080010708                setScreenMode
 .text.setBackgroundColor
                0x00000000800107e0       0x24 main.o
                0x00000000800107e0                setBackgroundColor
 .text.initializeOrderingTable
                0x0000000080010804       0x90 main.o
                0x0000000080010804                initializeOrderingTable
 .text.clearVRAM
                0x0000000080010894       0x44 main.o
                0x0000000080010894                clearVRAM
 .text.initializeScreen
                0x00000000800108d8       0xa0 main.o
                0x00000000800108d8                initializeScreen
 .text.clearDisplay
                0x0000000080010978       0x74 main.o
                0x0000000080010978                clearDisplay
 .text.display  0x00000000800109ec       0x90 main.o
                0x00000000800109ec                display
 .text.walkstart
                0x0000000080010a7c       0xa8 main.o
                0x0000000080010a7c                walkstart
 .text.init     0x0000000080010b24       0x8c main.o
                0x0000000080010b24                init
 .text.computerstart
                0x0000000080010bb0       0x6c main.o
                0x0000000080010bb0                computerstart
 .text.update.part.0
                0x0000000080010c1c     0x2d54 main.o
 .text.update   0x0000000080013970       0x40 main.o
                0x0000000080013970                update
 .text.drawd    0x00000000800139b0      0x1b8 main.o
                0x00000000800139b0                drawd
 .text          0x0000000080013b68       0x10 ../third_party/psyq/lib\libc.a(c42.o)
                0x0000000080013b68                memcpy
 .text          0x0000000080013b78       0x10 ../third_party/psyq/lib\libc.a(c63.o)
                0x0000000080013b78                printf
 .text          0x0000000080013b88       0x80 ../third_party/psyq/lib\libetc.a(pad.o)
                0x0000000080013b88                PadInit
                0x0000000080013bd4                PadRead
 .text          0x0000000080013c08       0x30 ../third_party/psyq/lib\libetc.a(vmode.o)
                0x0000000080013c08                SetVideoMode
                0x0000000080013c1c                GetVideoMode
 .text          0x0000000080013c38      0x210 ../third_party/psyq/lib\libetc.a(vsync.o)
                0x0000000080013c38                VSync
 .text          0x0000000080013e48      0x6c0 ../third_party/psyq/lib\libetc.a(intr.o)
                0x0000000080013e48                ResetCallback
                0x0000000080013e78                InterruptCallback
                0x0000000080013ea8                DMACallback
                0x0000000080013ed8                VSyncCallback
                0x0000000080013f0c                VSyncCallbacks
                0x0000000080013f3c                StopCallback
                0x0000000080013f6c                RestartCallback
                0x0000000080013f9c                CheckCallback
                0x0000000080013fac                GetIntrMask
                0x0000000080013fc4                SetIntrMask
 .text          0x0000000080014508      0x2a0 ../third_party/psyq/lib\libetc.a(intr_dma.o)
                0x0000000080014508                startIntrDMA
 .text          0x00000000800147a8      0x120 ../third_party/psyq/lib\libetc.a(intr_vb.o)
                0x00000000800147a8                startIntrVSync
 .text          0x00000000800148c8      0xa80 ../third_party/psyq/lib\libgpu.a(font.o)
                0x00000000800148c8                SetDumpFnt
                0x0000000080014908                FntLoad
                0x00000000800149a8                FntOpen
                0x0000000080014c64                FntFlush
                0x0000000080014f80                FntPrint
 .text          0x0000000080015348       0x40 ../third_party/psyq/lib\libgpu.a(p00.o)
                0x0000000080015348                GetTPage
 .text          0x0000000080015388       0x40 ../third_party/psyq/lib\libgpu.a(p06.o)
                0x0000000080015388                AddPrim
 .text          0x00000000800153c8       0x20 ../third_party/psyq/lib\libgpu.a(p09.o)
                0x00000000800153c8                TermPrim
 .text          0x00000000800153e8       0x30 ../third_party/psyq/lib\libgpu.a(p10.o)
                0x00000000800153e8                SetSemiTrans
 .text          0x0000000080015418       0x20 ../third_party/psyq/lib\libgpu.a(p20.o)
                0x0000000080015418                SetSprt8
 .text          0x0000000080015438       0x20 ../third_party/psyq/lib\libgpu.a(p26.o)
                0x0000000080015438                SetTile
 .text          0x0000000080015458       0xa0 ../third_party/psyq/lib\libgpu.a(p41.o)
                0x0000000080015458                SetDrawMode
 .text          0x00000000800154f8     0x2f00 ../third_party/psyq/lib\libgpu.a(sys.o)
                0x00000000800154f8                ResetGraph
                0x000000008001566c                SetGraphDebug
                0x00000000800156c8                SetGraphQueue
                0x000000008001576c                GetGraphDebug
                0x000000008001577c                DrawSyncCallback
                0x00000000800157dc                SetDispMask
                0x0000000080015874                DrawSync
                0x00000000800159f8                ClearImage
                0x0000000080015a88                ClearImage2
                0x0000000080015b20                LoadImage
                0x0000000080015b80                StoreImage
                0x0000000080015be0                MoveImage
                0x0000000080015c98                ClearOTag
                0x0000000080015d60                ClearOTagR
                0x0000000080015e0c                DrawPrim
                0x0000000080015e68                DrawOTag
                0x0000000080015ed8                PutDrawEnv
                0x0000000080015f98                DrawOTagEnv
                0x0000000080016070                GetDrawEnv
                0x00000000800160a4                PutDispEnv
                0x000000008001659c                GetDispEnv
                0x00000000800165d0                GetODE
                0x0000000080016600                SetDrawArea
                0x0000000080016680                SetDrawOffset
                0x00000000800166c0                SetDrawEnv
                0x0000000080017f90                LoadImage2
                0x000000008001807c                StoreImage2
                0x0000000080018168                MoveImage2
                0x00000000800182ac                DrawOTag2
                0x00000000800183a8                _GPU_ResetCallback
 .text          0x00000000800183f8       0xf0 ../third_party/psyq/lib\libgpu.a(e00.o)
                0x00000000800183f8                LoadTPage
 .text          0x00000000800184e8       0x70 ../third_party/psyq/lib\libgpu.a(e02.o)
                0x00000000800184e8                LoadClut2
 .text          0x0000000080018558       0x20 ../third_party/psyq/lib\libgpu.a(p01.o)
                0x0000000080018558                GetClut
 .text          0x0000000080018578      0x500 ../third_party/psyq/lib\libgs.a(2d_sp0.o)
                0x0000000080018578                GsSortSprite
 .text          0x0000000080018a78      0x550 ../third_party/psyq/lib\libgs.a(gs_001.o)
                0x0000000080018a78                GsInitGraph
                0x0000000080018c08                GsInitGraph2
                0x0000000080018e90                GsSortClear
 .text          0x0000000080018fc8       0x10 ../third_party/psyq/lib\libgs.a(gs_0021.o)
                0x0000000080018fc8                GsGetActiveBuff
 .text          0x0000000080018fd8      0x110 ../third_party/psyq/lib\libgs.a(gs_0022.o)
                0x0000000080018fd8                GsSetDrawBuffOffset
 .text          0x00000000800190e8       0x80 ../third_party/psyq/lib\libgs.a(gs_003.o)
                0x00000000800190e8                GsSetDrawBuffClip
 .text          0x0000000080019168       0xb0 ../third_party/psyq/lib\libgs.a(gs_010.o)
                0x0000000080019168                GsSwapDispBuff
 .text          0x0000000080019218       0xa0 ../third_party/psyq/lib\libgs.a(gs_103.o)
                0x0000000080019218                GsDefDispBuff
 .text          0x00000000800192b8       0x30 ../third_party/psyq/lib\libgs.a(gs_111.o)
                0x00000000800192b8                GsDrawOt
 .text          0x00000000800192e8       0x60 ../third_party/psyq/lib\libgs.a(gs_113.o)
                0x00000000800192e8                GsClearOt
 .text          0x0000000080019348       0x50 ../third_party/psyq/lib\libgs.a(gs_121.o)
                0x0000000080019348                gte_init
 .text          0x0000000080019398       0xf0 ../third_party/psyq/lib\libgs.a(gs_122.o)
                0x0000000080019398                GsGetTimInfo
 .text          0x0000000080019488       0x10 ../third_party/psyq/lib\libgs.a(gs_124.o)
                0x0000000080019488                GsSetWorkBase
 .text          0x0000000080019498       0xa0 ../third_party/psyq/lib\libgs.a(2d_com1.o)
                0x0000000080019498                _make_packet
 .text          0x0000000080019538       0x80 ../third_party/psyq/lib\libgte.a(cmb_00.o)
                0x0000000080019538                RotTransPers4
 .text          0x00000000800195b8      0x290 ../third_party/psyq/lib\libgte.a(fgo_01.o)
                0x00000000800195b8                RotMatrix
 .text          0x0000000080019848       0x90 ../third_party/psyq/lib\libgte.a(msc00.o)
                0x0000000080019850                InitGeom
 .text          0x00000000800198d8       0x30 ../third_party/psyq/lib\libgte.a(mtx_07.o)
                0x00000000800198d8                TransMatrix
 .text          0x0000000080019908      0x140 ../third_party/psyq/lib\libgte.a(mtx_08.o)
                0x0000000080019908                ScaleMatrix
 .text          0x0000000080019a48       0x30 ../third_party/psyq/lib\libgte.a(mtx_09.o)
                0x0000000080019a48                SetRotMatrix
 .text          0x0000000080019a78       0x20 ../third_party/psyq/lib\libgte.a(mtx_12.o)
                0x0000000080019a78                SetTransMatrix
 .text          0x0000000080019a98       0xe0 ../third_party/psyq/lib\libgte.a(patchgte.o)
                0x0000000080019a98                _patch_gte
 .text          0x0000000080019b78       0x10 ../third_party/psyq/lib\libgte.a(reg09.o)
                0x0000000080019b78                ReadGeomScreen
 .text          0x0000000080019b88       0x20 ../third_party/psyq/lib\libgte.a(reg11.o)
                0x0000000080019b88                SetFarColor
 .text          0x0000000080019ba8       0x20 ../third_party/psyq/lib\libgte.a(reg12.o)
                0x0000000080019ba8                SetGeomOffset
 .text          0x0000000080019bc8       0x20 ../third_party/psyq/lib\libspu.a(s_i.o)
                0x0000000080019bc8                SpuInit
 .text          0x0000000080019be8      0x160 ../third_party/psyq/lib\libspu.a(s_ini.o)
                0x0000000080019be8                _SpuInit
                0x0000000080019cd0                SpuStart
 .text          0x0000000080019d48       0xb0 ../third_party/psyq/lib\libspu.a(s_itc.o)
                0x0000000080019d48                SpuIsTransferCompleted
 .text          0x0000000080019df8       0x60 ../third_party/psyq/lib\libspu.a(s_m_init.o)
                0x0000000080019df8                SpuInitMalloc
 .text          0x0000000080019e58      0x300 ../third_party/psyq/lib\libspu.a(s_m_int.o)
                0x0000000080019e58                _spu_gcSPU
 .text          0x000000008001a158      0x2d0 ../third_party/psyq/lib\libspu.a(s_m_m.o)
                0x000000008001a158                SpuMalloc
 .text          0x000000008001a428      0x380 ../third_party/psyq/lib\libspu.a(s_sca.o)
                0x000000008001a428                SpuSetCommonAttr
 .text          0x000000008001a7a8      0x1c0 ../third_party/psyq/lib\libspu.a(s_sk.o)
                0x000000008001a7a8                SpuSetKey
 .text          0x000000008001a968       0x30 ../third_party/psyq/lib\libspu.a(s_stm.o)
                0x000000008001a968                SpuSetTransferMode
 .text          0x000000008001a998       0x60 ../third_party/psyq/lib\libspu.a(s_stsa.o)
                0x000000008001a998                SpuSetTransferStartAddr
 .text          0x000000008001a9f8      0x600 ../third_party/psyq/lib\libspu.a(s_sva.o)
                0x000000008001a9f8                SpuSetVoiceAttr
 .text          0x000000008001aff8       0x60 ../third_party/psyq/lib\libspu.a(s_w.o)
                0x000000008001aff8                SpuWrite
 .text          0x000000008001b058      0xb40 ../third_party/psyq/lib\libspu.a(spu.o)
                0x000000008001b058                _spu_init
                0x000000008001b498                _spu_FiDMA
                0x000000008001b554                _spu_Fr_
                0x000000008001b5fc                _spu_t
                0x000000008001b87c                _spu_Fw
                0x000000008001b900                _spu_Fr
                0x000000008001b964                _spu_FsetRXX
                0x000000008001b9a8                _spu_FsetRXXa
                0x000000008001ba4c                _spu_FgetRXXa
                0x000000008001ba88                _spu_FsetPCR
                0x000000008001bb30                _spu_Fw1ts
 .text          0x000000008001bb98       0x30 ../third_party/psyq/lib\libspu.a(s_dcb.o)
                0x000000008001bb98                _SpuDataCallback
 .text          0x000000008001bbc8      0x200 ../third_party/psyq/lib\libspu.a(s_n2p.o)
                0x000000008001bbc8                _spu_note2pitch
                0x000000008001bc98                _spu_pitch2note
 .text          0x000000008001bdc8       0x10 ../third_party/psyq/lib\libapi.a(a07.o)
                0x000000008001bdc8                DeliverEvent
 .text          0x000000008001bdd8       0x10 ../third_party/psyq/lib\libapi.a(a08.o)
                0x000000008001bdd8                OpenEvent
 .text          0x000000008001bde8       0x10 ../third_party/psyq/lib\libapi.a(a11.o)
                0x000000008001bde8                TestEvent
 .text          0x000000008001bdf8       0x10 ../third_party/psyq/lib\libapi.a(a12.o)
                0x000000008001bdf8                EnableEvent
 .text          0x000000008001be08       0x10 ../third_party/psyq/lib\libapi.a(a22.o)
                0x000000008001be08                PAD_dr
 .text          0x000000008001be18       0x10 ../third_party/psyq/lib\libapi.a(a23.o)
                0x000000008001be18                ReturnFromException
 .text          0x000000008001be28       0x10 ../third_party/psyq/lib\libapi.a(a24.o)
                0x000000008001be28                ResetEntryInt
 .text          0x000000008001be38       0x10 ../third_party/psyq/lib\libapi.a(a25.o)
                0x000000008001be38                HookEntryInt
 .text          0x000000008001be48       0x10 ../third_party/psyq/lib\libapi.a(a36.o)
                0x000000008001be48                EnterCriticalSection
 .text          0x000000008001be58       0x10 ../third_party/psyq/lib\libapi.a(a37.o)
                0x000000008001be58                ExitCriticalSection
 .text          0x000000008001be68       0x10 ../third_party/psyq/lib\libapi.a(a91.o)
                0x000000008001be68                ChangeClearPAD
 .text          0x000000008001be78       0x20 ../third_party/psyq/lib\libapi.a(c114.o)
                0x000000008001be80                _96_remove
 .text          0x000000008001be98       0x10 ../third_party/psyq/lib\libapi.a(c68.o)
                0x000000008001be98                FlushCache
 .text          0x000000008001bea8       0x10 ../third_party/psyq/lib\libapi.a(c73.o)
                0x000000008001bea8                GPU_cw
 .text          0x000000008001beb8       0x10 ../third_party/psyq/lib\libapi.a(l10.o)
                0x000000008001beb8                ChangeClearRCnt
 .text          0x000000008001bec8      0x290 ../third_party/psyq/lib\libapi.a(pad.o)
                0x000000008001bec8                SetInitPadFlag
                0x000000008001bed4                ReadInitPadFlag
                0x000000008001bee4                PAD_init
                0x000000008001bf74                InitPAD
                0x000000008001c004                StartPAD
 .text          0x000000008001c158       0xa0 ../third_party/psyq/lib\libapi.a(patch.o)
                0x000000008001c158                EnablePAD
                0x000000008001c16c                DisablePAD
                0x000000008001c180                _patch_pad
 .text          0x000000008001c1f8       0x10 ../third_party/psyq/lib\libapi.a(a18.o)
                0x000000008001c1f8                InitPAD2
 .text          0x000000008001c208       0x10 ../third_party/psyq/lib\libapi.a(a19.o)
                0x000000008001c208                StartPAD2
 .text          0x000000008001c218       0x10 ../third_party/psyq/lib\libapi.a(a21.o)
                0x000000008001c218                PAD_init2
 .text          0x000000008001c228       0x70 ../third_party/psyq/lib\libapi.a(chclrpad.o)
                0x000000008001c228                _remove_ChgclrPAD
 .text          0x000000008001c298       0x10 ../third_party/psyq/lib\libapi.a(l02.o)
                0x000000008001c298                SysEnqIntRP
 .text          0x000000008001c2a8       0x10 ../third_party/psyq/lib\libapi.a(l03.o)
                0x000000008001c2a8                SysDeqIntRP
 .text          0x000000008001c2b8       0x20 ../third_party/psyq/lib\libc.a(a63.o)
                0x000000008001c2c0                puts
 .text          0x000000008001c2d8       0x10 ../third_party/psyq/lib\libc.a(c19.o)
                0x000000008001c2d8                setjmp
 .text          0x000000008001c2e8       0x10 ../third_party/psyq/lib\libc.a(c27.o)
                0x000000008001c2e8                strlen
 .text          0x000000008001c2f8       0x10 ../third_party/psyq/lib\libc.a(c43.o)
                0x000000008001c2f8                memset
                0x000000008001c310                . = ALIGN (0x10)
 *fill*         0x000000008001c308        0x8 
 *(.init)
                0x000000008001c310                . = ALIGN (0x10)
 *(.fini)
                0x000000008001c310                . = ALIGN (0x10)
                0x000000008001c310                __text_end = .
                0x000000008001c310                __ftext_end = ABSOLUTE (.)
                0x000000008001c310                __fdata_start = ABSOLUTE (.)

.rodata         0x000000008001c310      0x5b0
 *(.rodata .rodata.* .rdata .rdata.* .gnu.linkonce.r.*)
 .rodata.str1.4
                0x000000008001c310       0xbf main.o
 *fill*         0x000000008001c3cf        0x1 
 .rodata        0x000000008001c3d0       0x6c main.o
 .rodata        0x000000008001c43c       0x10 ../third_party/common/crt0/crt0.o
 *fill*         0x000000008001c44c        0x4 
 .rdata         0x000000008001c450       0x10 ../third_party/psyq/lib\libetc.a(vsync.o)
 .rdata         0x000000008001c460       0x70 ../third_party/psyq/lib\libetc.a(intr.o)
 .rdata         0x000000008001c4d0       0x30 ../third_party/psyq/lib\libetc.a(intr_dma.o)
 .rdata         0x000000008001c500       0xa0 ../third_party/psyq/lib\libgpu.a(font.o)
 .rdata         0x000000008001c5a0      0x220 ../third_party/psyq/lib\libgpu.a(sys.o)
 .rdata         0x000000008001c7c0       0x30 ../third_party/psyq/lib\libgs.a(2d_com1.o)
 .rdata         0x000000008001c7f0       0x40 ../third_party/psyq/lib\libspu.a(s_sca.o)
 .rdata         0x000000008001c830       0x40 ../third_party/psyq/lib\libspu.a(s_sva.o)
 .rdata         0x000000008001c870       0x50 ../third_party/psyq/lib\libspu.a(spu.o)
                0x000000008001c8c0                . = ALIGN (0x10)
                0x000000008001c8c0                __preinit_array_start = .
 *(.preinit_array)
                0x000000008001c8c0                __preinit_array_end = .
                0x000000008001c8c0                . = ALIGN (0x10)
                0x000000008001c8c0                __init_array_start = .
 *(SORT_BY_NAME(.init_array.*))
 *(.init_array)
                0x000000008001c8c0                . = ALIGN (0x10)
 *crtbegin.o(.ctors)
 *(EXCLUDE_FILE(*crtend.o) .ctors)
 *(SORT_BY_NAME(.ctors.*))
 *crtend.o(.ctors)
                0x000000008001c8c0                __init_array_end = .
                0x000000008001c8c0                . = ALIGN (0x10)
                0x000000008001c8c0                __fini_array_start = .
 *(.fini_array)
 *(SORT_BY_NAME(.fini_array.*))
 *crtbegin.o(.dtors)
 *(EXCLUDE_FILE(*crtend.o) .dtors)
 *(SORT_BY_NAME(.dtors.*))
 *crtend.o(.dtors)
                0x000000008001c8c0                __fini_array_end = .
                0x000000008001c8c0                __build_id = .
 *(.note.gnu.build-id)
                0x000000008001c8c0                __build_id_end = .

.rel.dyn        0x000000008001c8c0        0x0
 .rel.dyn       0x000000008001c8c0        0x0 main.o

.rodata1
 *(.rodata1)
                0x000000008001c8c0                __data_start = .

.data           0x000000008001c8c0    0x7ff40
 *(.a0table)
 *(.data .data.* .gnu.linkonce.d.*)
 .data          0x000000008001c8c0    0x798fc main.o
                0x000000008001c8c0                joypads
                0x000000008001c904                ffinched
                0x000000008007ea54                modelCube1
                0x000000008007ea68                modelCube1_index
                0x000000008007eaf8                modelCube1_color
                0x000000008007eb88                modelCube1_normal
                0x000000008007ebc8                modelCube1_mesh
                0x000000008007ec08                modelCube
                0x000000008007ec1c                modelCube_index
                0x000000008007ecac                modelCube_color
                0x000000008007ed3c                modelCube_normal
                0x000000008007ed7c                modelCube_mesh
                0x000000008007edbc                img_wallvert
                0x000000008007f7dc                img_wallhorz
                0x00000000800801fc                img_vcreamD
                0x000000008008c41c                img_Fvsurge
                0x000000008008ca3c                img_Fveggspr
                0x000000008008d45c                img_font
                0x000000008009517c                img_eggpcU
                0x000000008009599c                img_eggpcD
 *fill*         0x00000000800961bc        0x4 
 .data          0x00000000800961c0       0x10 ../third_party/psyq/lib\libetc.a(vmode.o)
 .data          0x00000000800961d0       0x20 ../third_party/psyq/lib\libetc.a(vsync.o)
                0x00000000800961e0                Hcount
 .data          0x00000000800961f0     0x1100 ../third_party/psyq/lib\libetc.a(intr.o)
 .data          0x00000000800972f0       0x30 ../third_party/psyq/lib\libetc.a(intr_dma.o)
 .data          0x0000000080097320       0x30 ../third_party/psyq/lib\libetc.a(intr_vb.o)
                0x0000000080097340                Vcount
 .data          0x0000000080097350      0xb90 ../third_party/psyq/lib\libgpu.a(font.o)
                0x0000000080097350                Font
 .data          0x0000000080097ee0      0x1a0 ../third_party/psyq/lib\libgpu.a(sys.o)
                0x0000000080097f2c                GPU_printf
                0x0000000080097f30                GEnv
                0x0000000080098058                _qin
                0x000000008009805c                _qout
 .data          0x0000000080098080       0x10 ../third_party/psyq/lib\libgte.a(msc00.o)
 .data          0x0000000080098090     0x4000 ../third_party/psyq/lib\libgte.a(cstbl.o)
                0x0000000080098090                rcossin_tbl
 .data          0x000000008009c090       0x80 ../third_party/psyq/lib\libspu.a(s_ini.o)
                0x000000008009c098                _spu_EVdma
                0x000000008009c09c                _spu_keystat
                0x000000008009c0a0                _spu_trans_mode
                0x000000008009c0a4                _spu_rev_flag
                0x000000008009c0a8                _spu_rev_reserve_wa
                0x000000008009c0ac                _spu_rev_offsetaddr
                0x000000008009c0b0                _spu_rev_attr
                0x000000008009c0c4                _spu_RQvoice
                0x000000008009c0c8                _spu_RQmask
                0x000000008009c0cc                _spu_voice_centerNote
                0x000000008009c0fc                _spu_env
                0x000000008009c100                _spu_isCalled
 .data          0x000000008009c110       0x10 ../third_party/psyq/lib\libspu.a(s_m.o)
                0x000000008009c110                _spu_AllocBlockNum
                0x000000008009c114                _spu_AllocLastNum
                0x000000008009c118                _spu_memList
 .data          0x000000008009c120       0x30 ../third_party/psyq/lib\libspu.a(s_rmp0.o)
                0x000000008009c120                _spu_rev_startaddr
 .data          0x000000008009c150       0x60 ../third_party/psyq/lib\libspu.a(spu.o)
                0x000000008009c150                _spu_RXX
                0x000000008009c168                _spu_tsa
                0x000000008009c16c                _spu_transMode
                0x000000008009c170                _spu_addrMode
                0x000000008009c174                _spu_mem_mode
                0x000000008009c178                _spu_mem_mode_plus
                0x000000008009c17c                _spu_mem_mode_unit
                0x000000008009c180                _spu_mem_mode_unitM
                0x000000008009c184                _spu_inTransfer
                0x000000008009c188                _spu_transferCallback
                0x000000008009c18c                _spu_IRQCallback
 .data          0x000000008009c1b0      0x120 ../third_party/psyq/lib\libspu.a(s_n2p.o)
 .data          0x000000008009c2d0       0x10 ../third_party/psyq/lib\libapi.a(pad.o)
 *(.data1)
 *(.sdata .sdata.* .gnu.linkonce.s.*)
 .sdata         0x000000008009c2e0       0x44 main.o
                0x000000008009c2e0                idletype
                0x000000008009c2e4                newscreen
                0x000000008009c2e8                mapposx
                0x000000008009c2ec                vcrspeed
                0x000000008009c2f0                ffinched_size
                0x000000008009c2f4                img_wallvert_height
                0x000000008009c2f6                img_wallvert_width
                0x000000008009c2f8                img_wallhorz_height
                0x000000008009c2fa                img_wallhorz_width
                0x000000008009c2fc                img_vcreamD_height
                0x000000008009c2fe                img_vcreamD_width
                0x000000008009c300                img_Fvsurge_height
                0x000000008009c302                img_Fvsurge_width
                0x000000008009c304                img_Fveggspr_height
                0x000000008009c306                img_Fveggspr_width
                0x000000008009c308                img_font_height
                0x000000008009c30a                img_font_width
                0x000000008009c30c                img_eggpcU_height
                0x000000008009c30e                img_eggpcU_width
                0x000000008009c310                img_eggpcD_height
                0x000000008009c312                img_eggpcD_width
                0x000000008009c314                img_wallvert_gpu_x
                0x000000008009c316                img_wallhorz_gpu_x
                0x000000008009c318                img_vcreamD_gpu_x
                0x000000008009c31a                img_Fvsurge_gpu_x
                0x000000008009c31c                img_Fveggspr_gpu_x
                0x000000008009c31e                img_font_gpu_x
                0x000000008009c320                img_eggpcU_gpu_x
                0x000000008009c322                img_eggpcD_gpu_x
 *(.sdata2 .sdata2.* .gnu.linkonce.s2.*)
 *(.got.plt)
 *(.got)
                0x000000008009c800                . = ALIGN (0x800)
 *fill*         0x000000008009c324      0x4dc 
                0x000000008009c800                __data_end = .
                0x000000008009c800                __fdata_end = .
                0x000000008009c800                __bss_start = .

.sbss           0x000000008009c800    0x16960
 *(.dynsbss)
 *(.sbss .sbss.* .gnu.linkonce.sb.*)
 .sbss          0x000000008009c800       0x5c main.o
                0x000000008009c800                incomputer
                0x000000008009c801                interact
                0x000000008009c804                posbeforey
                0x000000008009c808                posbeforex
                0x000000008009c80c                animframe2
                0x000000008009c810                animframe
                0x000000008009c814                c
                0x000000008009c818                b
                0x000000008009c81c                a
                0x000000008009c820                mapposy
                0x000000008009c824                p_nextPacket
                0x000000008009c828                ordering_table
                0x000000008009c830                buffer_id
                0x000000008009c834                l_vag1_spu_addr
                0x000000008009c838                currentBuffer
                0x000000008009c83c                SCREEN_HEIGHT
                0x000000008009c840                SCREEN_WIDTH
                0x000000008009c844                img_wallvert_gpu_y
                0x000000008009c846                img_wallhorz_gpu_y
                0x000000008009c848                img_vcreamD_gpu_y
                0x000000008009c84a                img_Fvsurge_gpu_y
                0x000000008009c84c                img_Fveggspr_gpu_y
                0x000000008009c84e                img_font_gpu_y
                0x000000008009c850                img_eggpcU_gpu_y
                0x000000008009c852                img_eggpcD_gpu_y
                0x000000008009c854                SysPadT
                0x000000008009c858                SysPad
 *(.scommon)
 *(.dynbss)
 *(.bss .bss.* .gnu.linkonce.b.*)
 .bss           0x000000008009c85c    0x10a44 main.o
                0x000000008009c85c                bootup
                0x000000008009c8b4                object
                0x000000008009cb94                vcream
                0x000000008009cbec                wall
                0x000000008009ce54                packets
                0x00000000800ace54                draw_env
                0x00000000800acf0c                display_env
                0x00000000800acf34                Camera
                0x00000000800acf9c                g_s_attr
                0x00000000800acfdc                l_c_attr
                0x00000000800ad004                systemBackgroundColor
                0x00000000800ad010                GPUOutputPacket
                0x00000000800ad268                minorOrderingTable
                0x00000000800ad278                orderingTable
 .bss           0x00000000800ad2a0       0x14 ../third_party/psyq/lib\libetc.a(pad.o)
                0x00000000800ad2b0                PadIdentifier
 *fill*         0x00000000800ad2b4        0x4 
 .bss           0x00000000800ad2b8     0x4410 ../third_party/psyq/lib\libgpu.a(font.o)
 .bss           0x00000000800b16c8     0x1850 ../third_party/psyq/lib\libgpu.a(sys.o)
                0x00000000800b1718                _que
 .bss           0x00000000800b2f18       0x54 ../third_party/psyq/lib\libgs.a(global.o)
                0x00000000800b2f18                GsOUT_PACKET_P
                0x00000000800b2f20                GsMATE_C
                0x00000000800b2f28                GsLMODE
                0x00000000800b2f30                GsLIGNR
                0x00000000800b2f38                GsLIOFF
                0x00000000800b2f40                GsZOVER
                0x00000000800b2f48                GsBACKC
                0x00000000800b2f50                GsNDIV
                0x00000000800b2f58                GsTRATE
                0x00000000800b2f60                GsTON
                0x00000000800b2f68                GsDISPON
 *fill*         0x00000000800b2f6c        0x4 
 .bss           0x00000000800b2f70       0xea ../third_party/psyq/lib\libgs.a(gs_001.o)
                0x00000000800b2f90                PSDIDX
                0x00000000800b2f98                GsDRAWENV
                0x00000000800b2ff8                GsDISPENV
                0x00000000800b3010                PSDGPU
                0x00000000800b3018                PSDBASEX
                0x00000000800b3020                PSDBASEY
                0x00000000800b3028                POSITION
                0x00000000800b3030                CLIP2
                0x00000000800b3038                PSDCNT
                0x00000000800b3040                PSDOFSX
                0x00000000800b3048                PSDOFSY
                0x00000000800b3050                GsORGOFSX
                0x00000000800b3058                GsORGOFSY
 *fill*         0x00000000800b305a        0x6 
 .bss           0x00000000800b3060       0x24 ../third_party/psyq/lib\libgs.a(gs_104.o)
                0x00000000800b3060                HWD0
                0x00000000800b3068                VWD0
                0x00000000800b3070                GsCLIP3near
                0x00000000800b3078                GsLIGHT_MODE
                0x00000000800b3080                GsCLIP3far
 *fill*         0x00000000800b3084        0x4 
 .bss           0x00000000800b3088       0x40 ../third_party/psyq/lib\libgs.a(gs_107.o)
                0x00000000800b3088                GsLIGHTWSMATRIX
                0x00000000800b30a8                _LC
 .bss           0x00000000800b30c8       0x40 ../third_party/psyq/lib\libgs.a(gs_128.o)
                0x00000000800b30c8                GsIDMATRIX
                0x00000000800b30e8                GsIDMATRIX2
 .bss           0x00000000800b3108       0x10 ../third_party/psyq/lib\libgte.a(patchgte.o)
 .bss           0x00000000800b3118       0x14 ../third_party/psyq/lib\libspu.a(spu.o)
                0x00000000800b3118                _spu_RQ
 *fill*         0x00000000800b312c        0x4 
 .bss           0x00000000800b3130       0x10 ../third_party/psyq/lib\libapi.a(pad.o)
                0x00000000800b3130                _apiPadPatch
 .bss           0x00000000800b3140       0x10 ../third_party/psyq/lib\libapi.a(patch.o)
 .bss           0x00000000800b3150       0x10 ../third_party/psyq/lib\libapi.a(chclrpad.o)
 *(COMMON)
                0x00000000800b3160                . = ALIGN (0x4)
                0x00000000800b3160                __bss_end = .
                0x00000000800b3160                __heap_start = __heap_base
                0x000000008000f800                . = (ADDR (.text) - 0x800)
                0x000000008000f800                __end = .

/DISCARD/
 *(.MIPS.abiflags)

/DISCARD/
 *(.rel.iplt)
 *(.rela.iplt)
 *(.rel.plt)
 *(.rela.plt)
 *(.plt)
 *(.iplt)

/DISCARD/
 *(.note.GNU-stack)
 *(.gnu_debuglink)
 *(.gnu.lto_*)

.scratchpad
 *(.scratchpad)
OUTPUT(HelloWorld.elf elf32-littlemips)

.reginfo        0x0000000000000000       0x18
 .reginfo       0x0000000000000000       0x18 main.o

.mdebug.abi32   0x0000000000000000        0x0
 .mdebug.abi32  0x0000000000000000        0x0 main.o

.comment        0x0000000000000000       0x12
 .comment       0x0000000000000000       0x12 main.o
                                         0x13 (size before relaxing)

.gnu.attributes
                0x0000000000000000       0x10
 .gnu.attributes
                0x0000000000000000       0x10 main.o
 .gnu.attributes
                0x0000000000000010       0x10 ../third_party/common/crt0/crt0.o

.pdr            0x0000000000000000        0x0
 .pdr           0x0000000000000000        0x0 ../third_party/common/crt0/crt0.o

.note           0x0000000000000000     0x2c68
 .note          0x0000000000000000       0x74 ../third_party/psyq/lib\libc.a(c42.o)
 .note          0x0000000000000074       0x74 ../third_party/psyq/lib\libc.a(c63.o)
 .note          0x00000000000000e8       0x74 ../third_party/psyq/lib\libetc.a(pad.o)
 .note          0x000000000000015c       0x74 ../third_party/psyq/lib\libetc.a(vmode.o)
 .note          0x00000000000001d0       0x74 ../third_party/psyq/lib\libetc.a(vsync.o)
 .note          0x0000000000000244       0x74 ../third_party/psyq/lib\libetc.a(intr.o)
 .note          0x00000000000002b8       0x74 ../third_party/psyq/lib\libetc.a(intr_dma.o)
 .note          0x000000000000032c       0x74 ../third_party/psyq/lib\libetc.a(intr_vb.o)
 .note          0x00000000000003a0       0x74 ../third_party/psyq/lib\libgpu.a(font.o)
 .note          0x0000000000000414       0x74 ../third_party/psyq/lib\libgpu.a(p00.o)
 .note          0x0000000000000488       0x74 ../third_party/psyq/lib\libgpu.a(p06.o)
 .note          0x00000000000004fc       0x74 ../third_party/psyq/lib\libgpu.a(p09.o)
 .note          0x0000000000000570       0x74 ../third_party/psyq/lib\libgpu.a(p10.o)
 .note          0x00000000000005e4       0x74 ../third_party/psyq/lib\libgpu.a(p20.o)
 .note          0x0000000000000658       0x74 ../third_party/psyq/lib\libgpu.a(p26.o)
 .note          0x00000000000006cc       0x74 ../third_party/psyq/lib\libgpu.a(p27.o)
 .note          0x0000000000000740       0x74 ../third_party/psyq/lib\libgpu.a(p41.o)
 .note          0x00000000000007b4       0x74 ../third_party/psyq/lib\libgpu.a(sys.o)
 .note          0x0000000000000828       0x74 ../third_party/psyq/lib\libgpu.a(e00.o)
 .note          0x000000000000089c       0x74 ../third_party/psyq/lib\libgpu.a(e02.o)
 .note          0x0000000000000910       0x74 ../third_party/psyq/lib\libgpu.a(p01.o)
 .note          0x0000000000000984       0x74 ../third_party/psyq/lib\libgs.a(2d_sp0.o)
 .note          0x00000000000009f8       0x74 ../third_party/psyq/lib\libgs.a(global.o)
 .note          0x0000000000000a6c       0x74 ../third_party/psyq/lib\libgs.a(gs_001.o)
 .note          0x0000000000000ae0       0x74 ../third_party/psyq/lib\libgs.a(gs_0021.o)
 .note          0x0000000000000b54       0x74 ../third_party/psyq/lib\libgs.a(gs_0022.o)
 .note          0x0000000000000bc8       0x74 ../third_party/psyq/lib\libgs.a(gs_003.o)
 .note          0x0000000000000c3c       0x74 ../third_party/psyq/lib\libgs.a(gs_010.o)
 .note          0x0000000000000cb0       0x74 ../third_party/psyq/lib\libgs.a(gs_103.o)
 .note          0x0000000000000d24       0x74 ../third_party/psyq/lib\libgs.a(gs_104.o)
 .note          0x0000000000000d98       0x74 ../third_party/psyq/lib\libgs.a(gs_107.o)
 .note          0x0000000000000e0c       0x74 ../third_party/psyq/lib\libgs.a(gs_111.o)
 .note          0x0000000000000e80       0x74 ../third_party/psyq/lib\libgs.a(gs_113.o)
 .note          0x0000000000000ef4       0x74 ../third_party/psyq/lib\libgs.a(gs_121.o)
 .note          0x0000000000000f68       0x74 ../third_party/psyq/lib\libgs.a(gs_122.o)
 .note          0x0000000000000fdc       0x74 ../third_party/psyq/lib\libgs.a(gs_124.o)
 .note          0x0000000000001050       0x74 ../third_party/psyq/lib\libgs.a(gs_128.o)
 .note          0x00000000000010c4       0x74 ../third_party/psyq/lib\libgs.a(2d_com1.o)
 .note          0x0000000000001138       0x74 ../third_party/psyq/lib\libgte.a(cmb_00.o)
 .note          0x00000000000011ac       0x74 ../third_party/psyq/lib\libgte.a(fgo_01.o)
 .note          0x0000000000001220       0x74 ../third_party/psyq/lib\libgte.a(msc00.o)
 .note          0x0000000000001294       0x74 ../third_party/psyq/lib\libgte.a(msc01.o)
 .note          0x0000000000001308       0x74 ../third_party/psyq/lib\libgte.a(mtx_07.o)
 .note          0x000000000000137c       0x74 ../third_party/psyq/lib\libgte.a(mtx_08.o)
 .note          0x00000000000013f0       0x74 ../third_party/psyq/lib\libgte.a(mtx_09.o)
 .note          0x0000000000001464       0x74 ../third_party/psyq/lib\libgte.a(mtx_11.o)
 .note          0x00000000000014d8       0x74 ../third_party/psyq/lib\libgte.a(mtx_12.o)
 .note          0x000000000000154c       0x74 ../third_party/psyq/lib\libgte.a(patchgte.o)
 .note          0x00000000000015c0       0x74 ../third_party/psyq/lib\libgte.a(reg09.o)
 .note          0x0000000000001634       0x74 ../third_party/psyq/lib\libgte.a(reg11.o)
 .note          0x00000000000016a8       0x74 ../third_party/psyq/lib\libgte.a(reg12.o)
 .note          0x000000000000171c       0x74 ../third_party/psyq/lib\libgte.a(sqrtbl.o)
 .note          0x0000000000001790       0x74 ../third_party/psyq/lib\libgte.a(cstbl.o)
 .note          0x0000000000001804       0x74 ../third_party/psyq/lib\libspu.a(s_i.o)
 .note          0x0000000000001878       0x74 ../third_party/psyq/lib\libspu.a(s_ini.o)
 .note          0x00000000000018ec       0x74 ../third_party/psyq/lib\libspu.a(s_itc.o)
 .note          0x0000000000001960       0x74 ../third_party/psyq/lib\libspu.a(s_m.o)
 .note          0x00000000000019d4       0x74 ../third_party/psyq/lib\libspu.a(s_m_f.o)
 .note          0x0000000000001a48       0x74 ../third_party/psyq/lib\libspu.a(s_m_init.o)
 .note          0x0000000000001abc       0x74 ../third_party/psyq/lib\libspu.a(s_m_int.o)
 .note          0x0000000000001b30       0x74 ../third_party/psyq/lib\libspu.a(s_m_m.o)
 .note          0x0000000000001ba4       0x74 ../third_party/psyq/lib\libspu.a(s_rmp0.o)
 .note          0x0000000000001c18       0x74 ../third_party/psyq/lib\libspu.a(s_sca.o)
 .note          0x0000000000001c8c       0x74 ../third_party/psyq/lib\libspu.a(s_sk.o)
 .note          0x0000000000001d00       0x74 ../third_party/psyq/lib\libspu.a(s_stm.o)
 .note          0x0000000000001d74       0x74 ../third_party/psyq/lib\libspu.a(s_stsa.o)
 .note          0x0000000000001de8       0x74 ../third_party/psyq/lib\libspu.a(s_sva.o)
 .note          0x0000000000001e5c       0x74 ../third_party/psyq/lib\libspu.a(s_w.o)
 .note          0x0000000000001ed0       0x74 ../third_party/psyq/lib\libspu.a(spu.o)
 .note          0x0000000000001f44       0x74 ../third_party/psyq/lib\libspu.a(s_dcb.o)
 .note          0x0000000000001fb8       0x74 ../third_party/psyq/lib\libspu.a(s_n2p.o)
 .note          0x000000000000202c       0x74 ../third_party/psyq/lib\libapi.a(a07.o)
 .note          0x00000000000020a0       0x74 ../third_party/psyq/lib\libapi.a(a08.o)
 .note          0x0000000000002114       0x74 ../third_party/psyq/lib\libapi.a(a11.o)
 .note          0x0000000000002188       0x74 ../third_party/psyq/lib\libapi.a(a12.o)
 .note          0x00000000000021fc       0x74 ../third_party/psyq/lib\libapi.a(a22.o)
 .note          0x0000000000002270       0x74 ../third_party/psyq/lib\libapi.a(a23.o)
 .note          0x00000000000022e4       0x74 ../third_party/psyq/lib\libapi.a(a24.o)
 .note          0x0000000000002358       0x74 ../third_party/psyq/lib\libapi.a(a25.o)
 .note          0x00000000000023cc       0x74 ../third_party/psyq/lib\libapi.a(a36.o)
 .note          0x0000000000002440       0x74 ../third_party/psyq/lib\libapi.a(a37.o)
 .note          0x00000000000024b4       0x74 ../third_party/psyq/lib\libapi.a(a91.o)
 .note          0x0000000000002528       0x74 ../third_party/psyq/lib\libapi.a(c114.o)
 .note          0x000000000000259c       0x74 ../third_party/psyq/lib\libapi.a(c68.o)
 .note          0x0000000000002610       0x74 ../third_party/psyq/lib\libapi.a(c73.o)
 .note          0x0000000000002684       0x74 ../third_party/psyq/lib\libapi.a(l10.o)
 .note          0x00000000000026f8       0x74 ../third_party/psyq/lib\libapi.a(pad.o)
 .note          0x000000000000276c       0x74 ../third_party/psyq/lib\libapi.a(patch.o)
 .note          0x00000000000027e0       0x74 ../third_party/psyq/lib\libapi.a(a18.o)
 .note          0x0000000000002854       0x74 ../third_party/psyq/lib\libapi.a(a19.o)
 .note          0x00000000000028c8       0x74 ../third_party/psyq/lib\libapi.a(a21.o)
 .note          0x000000000000293c       0x74 ../third_party/psyq/lib\libapi.a(chclrpad.o)
 .note          0x00000000000029b0       0x74 ../third_party/psyq/lib\libapi.a(l02.o)
 .note          0x0000000000002a24       0x74 ../third_party/psyq/lib\libapi.a(l03.o)
 .note          0x0000000000002a98       0x74 ../third_party/psyq/lib\libc.a(a63.o)
 .note          0x0000000000002b0c       0x74 ../third_party/psyq/lib\libc.a(c19.o)
 .note          0x0000000000002b80       0x74 ../third_party/psyq/lib\libc.a(c27.o)
 .note          0x0000000000002bf4       0x74 ../third_party/psyq/lib\libc.a(c43.o)

.debug_info     0x0000000000000000     0x686c
 .debug_info    0x0000000000000000     0x6848 main.o
 .debug_info    0x0000000000006848       0x24 ../third_party/common/crt0/crt0.o

.debug_abbrev   0x0000000000000000      0x629
 .debug_abbrev  0x0000000000000000      0x615 main.o
 .debug_abbrev  0x0000000000000615       0x14 ../third_party/common/crt0/crt0.o

.debug_loclists
                0x0000000000000000      0xb6f
 .debug_loclists
                0x0000000000000000      0xb6f main.o

.debug_aranges  0x0000000000000000      0x170
 .debug_aranges
                0x0000000000000000      0x150 main.o
 .debug_aranges
                0x0000000000000150       0x20 ../third_party/common/crt0/crt0.o

.debug_rnglists
                0x0000000000000000      0x291
 .debug_rnglists
                0x0000000000000000      0x291 main.o

.debug_line     0x0000000000000000     0x1fb0
 .debug_line    0x0000000000000000     0x1f55 main.o
 .debug_line    0x0000000000001f55       0x5b ../third_party/common/crt0/crt0.o

.debug_str      0x0000000000000000      0xd37
 .debug_str     0x0000000000000000      0xcec main.o
                                        0xd8c (size before relaxing)
 .debug_str     0x0000000000000cec       0x4b ../third_party/common/crt0/crt0.o

.debug_frame    0x0000000000000000      0x4bc
 .debug_frame   0x0000000000000000      0x4bc main.o

.debug_line_str
                0x0000000000000000       0x3f
 .debug_line_str
                0x0000000000000000       0x3f ../third_party/common/crt0/crt0.o
                                         0x46 (size before relaxing)
